ExpansionTraderSeth.Traficante|10045.00 10.056 1152.12|-47.6986 0.000000 0.000000|Armband_Pirates,BeanieHat_Brown,IMP_Bag_Ataka3,IMP_Jacket_Raincoat,High_Knee_Sneakers,HandsCover_Improvised,Shemagh_Facemask_Black,Galife_Pants_Olive
ExpansionTraderCyril.Ferramentas_SilaMarket|4526.17 21.7726 12120.5|148.395000 0.000000 0.000000|ConstructionHelmet_Yellow,IMP_Bag_BuilderBag+Hammer+HandSaw+Hatchet+Shovel+Pliers,Shirt_RedCheck,WorkingBoots_Yellow,Jeans_Blue,Hammer,Armband_Pirates
ExpansionTraderJose.Minerador|11141.20 9.26 2293.94|0.000000 0.000000 0.000000|Armband_Pirates,WorkingGloves_Yellow,RadarCap_Blue,WorkingBoots_Yellow,QuiltedJacket_Yellow,IMP_Vest_UnloadingVest_Tan,Galife_Pants_Navy,ExpansionShemag,EFT_bag_SportBag,Pickaxe
ExpansionTraderQuinn.Armas_SilaMarket|9263.11 51.99 15301.90|-103.992000 0.000000 -0.000000|MilitaryBeret_ChDKZ,WorkingGloves_Black,IMP_Bag_CamelBak_Tan,TacticalShirt_Tan,JungleBoots_Beige,USMCPants_Desert,IMP_Mask_TacticalMask_Black,PlateCarrierVest+PlateCarrierPouches,M4A1+M4_Supressor+M4_MPBttstck+M4_RISHndgrd+M4_T3NRDSOptic+Mag_STANAG_30Rnd,IMP_Goggles_ESSRollbar,Armband_Pirates
ExpansionTraderIndar.AcessoriosArmas_SilaMarket|8350.35 122.309 10890.1|178.189000 0.000000 -0.000000|TacticalGloves_Black,M65Jacket_Black,SK8_Sneakers_FullBlack,TrackSuitPants_Black,EFT_vest_Azimut_black,Round_Glasses_Black,Armband_Pirates
ExpansionTraderLinda.Armazenamento_SilaMarket|2415.64 15.04 8652.05|-130.350000 0.000000 0.000000|BeanieHat_Beige,WorkingGloves_Beige,EFT_bag_Tactical,Blouse_White,WorkingBoots_Beige,Skinny_Jeans_Blue,NioshFaceMask,PressVest_Blue,Pickaxe,ThickFramesGlasses,Armband_Pirates
ExpansionTraderManua.Comida_SilaMarket|9535.16 3.442 10661.1|-166.158000 0.000000 0.000000|MedicalScrubsHat_White,NBCGlovesYellow,WomanSuit_White,Kirza_Boots,Breeches_Black,ThinFramesGlasses,Armband_Pirates
ExpansionTraderNiki.Especiais_SilaMarket|3787.8 49.0968 9325.98|-45.836600 0.000000 0.000000|IMP_Helmet_6b47_Black+IMP_NVG_GPNVG_18_Black+UniversalLight,TacticalGloves_Black,EFT_bag_Kakashka,Military_Sweater_Black,Kirza_Boots,Kneepads_Jeans_Black,Shemagh_Scarf_Black,EFT_Vest_A18,IMP_Goggles_ESSICE,SNAFU_M4300AC_16_GUN+SNAFU_PRSGen3_Stock+SNAFU_CMAG60300_Black+SNAFU_MK13+SNAFU_FGCR_Grip+SNAFUUniversalLight+SNAFU_SPMOD+SNAFU_Elcan,Armband_Pirates
ExpBoris.JaegerHunter|6135.77 429.949 10725.2|-102.168000 0.000000 -0.000000|PlateCarrierVest,HuntingJacket_Brown,SlacksPants_Brown,LeatherSack_Natural,CowboyHat_darkBrown,Scarf_Brown,WorkingGloves_Brown,HikingBoots_Brown,B95+HuntingOptic,Armband_Pirates
ExpansionTraderPeter.LightKepper_Colecionador|4506.13 11.4613 1204.57|-90.384100 0.000000 0.000000|PoliceCap,Armband_White,Kirza_Boots,Galife_Pants_Navy,Wool_GreatCoat_Olive,Armband_Pirates